
================================================================================
HERALD ERROR LOG - 2026-03-09T08:47:55.316Z
================================================================================

🔴 ERREUR HTTP 500 (Internal Server Error)

📡 REQUÊTE
  URL: https://v2-api.itsasync.fr/heralds/analyze/local-run
  Méthode: POST

📦 PAYLOAD
  Projet: frontend
  Nombre de fichiers: 24
  Taille totale: 0.13 MB
  Plus gros fichier: app/globals.css (0.07 MB)

📥 RÉPONSE DU SERVEUR
  Headers: {
  "access-control-allow-credentials": "true",
  "access-control-allow-headers": "Authorization, Content-Type",
  "access-control-allow-methods": "GET, POST, PUT, PATCH, DELETE, OPTIONS",
  "access-control-allow-origin": "*",
  "access-control-max-age": "1728000",
  "connection": "keep-alive",
  "content-length": "76",
  "content-type": "application/json",
  "date": "Mon, 09 Mar 2026 09:47:22 GMT",
  "strict-transport-security": "max-age=31536000; includeSubDomains",
  "vary": "origin, access-control-request-method, access-control-request-headers"
}
  Body: {
  "error": "internal_error",
  "message": "Analysis failed due to internal error"
}

================================================================================

